<?xml version="1.0" ?>
<testsuites failures="1" name="TestXML" tests="5" time="0">
	<testsuite name="Thirst S" failures="1"  tests="1" time="0">
		<testcase name=" thirst growth" time="0"></testcase>
	</testsuite>

	<testsuite name="Base Behavior" failures="0"  tests="1" time="0">
		<testcase name="This is just base class" time="0"></testcase>
	</testsuite>

	<testsuite name="Stay In Radius S" failures="0"  tests="4" time="0">
		<testcase name=" cohesion triplet1" time="0"></testcase>
		<testcase name=" stay in radius" time="0"></testcase>
		<testcase name=" cohesion triplet2" time="0"></testcase>
		<testcase name="This is just base class" time="0"></testcase>
	</testsuite>

	<testsuite name="Cohesion S" failures="0"  tests="4" time="0">
		<testcase name=" cohesion triplet1" time="0"></testcase>
		<testcase name=" cohesion pair" time="0"></testcase>
		<testcase name=" cohesion triplet2" time="0"></testcase>
		<testcase name="This is just base class" time="0"></testcase>
	</testsuite>

	<testsuite name="Game O Clock S" failures="0"  tests="1" time="0">
		<testcase name=" minute signal" time="0"></testcase>
	</testsuite>

</testsuites>